// Jest Snapshot v1, https://goo.gl/fbAQLP

exports[`renders scorecards 1`] = `
"{
  "annotations": {
    "list": [
      {
        "builtIn": 1,
        "datasource": {
          "type": "grafana",
          "uid": "-- Grafana --"
        },
        "enable": true,
        "hide": true,
        "iconColor": "rgba(0, 211, 255, 1)",
        "name": "Annotations & Alerts",
        "type": "dashboard"
      }
    ]
  },
  "editable": true,
  "fiscalYearStartMonth": 0,
  "graphTooltip": 0,
  "id": null,
  "links": [],
  "panels": [],
  "schemaVersion": 39,
  "tags": [],
  "time": {
    "from": "now-30m",
    "to": "now"
  },
  "timepicker": {},
  "timezone": "browser",
  "title": "Scorecards",
  "uid": "ddtckkwkmuccgf",
  "version": 0,
  "weekStart": ""
}"
`;
